<html>
<body>
<pre>
<h1>礦ision Build Log</h1>
<h2>Tool Versions:</h2>
IDE-Version: μVision V5.24.2.0
Copyright (C) 2017 ARM Ltd and ARM Germany GmbH. All rights reserved.
License Information: YANG lenovo, 1, LIC=EXJT4-F6FAW-DYIV3-ABPJ2-6MJ3H-XF98S
 
Tool Versions:
Toolchain:       MDK-ARM Plus  Version: 5.24.1
Toolchain Path:  D:\51keil\ARM\ARMCC\Bin
C Compiler:      Armcc.exe V5.06 update 5 (build 528)
Assembler:       Armasm.exe V5.06 update 5 (build 528)
Linker/Locator:  ArmLink.exe V5.06 update 5 (build 528)
Library Manager: ArmAr.exe V5.06 update 5 (build 528)
Hex Converter:   FromElf.exe V5.06 update 5 (build 528)
CPU DLL:         SARMCM3.DLL V5.24.1
Dialog DLL:      DCM.DLL V1.16.0.0
Target DLL:      STLink\ST-LINKIII-KEIL_SWO.dll V3.0.1.0
Dialog DLL:      TCM.DLL V1.32.0.0
 
<h2>Project:</h2>
E:\新建文件夹\智慧楼宇文件夹\智慧楼宇总代码003\智慧楼宇总代码\Smart_Light_01\MDK-ARM\Smart_Light_01.uvprojx
Project File Date:  11/16/2025

<h2>Output:</h2>
*** Using Compiler 'V5.06 update 5 (build 528)', folder: 'D:\51keil\ARM\ARMCC\Bin'
Build target 'Smart_Light_01'
compiling 485_tx.c...
compiling flash.c...
compiling tim.c...
compiling usart.c...
compiling 485_rx.c...
compiling time.c...
compiling stm32f1xx_it.c...
compiling input.c...
compiling gps_tx.c...
compiling output.c...
compiling stm32f1xx_hal_msp.c...
compiling gpio.c...
compiling function.c...
compiling main.c...
compiling 4g.c...
compiling gps_rx.c...
compiling datastore.c...
linking...
Program Size: Code=9544 RO-data=312 RW-data=68 ZI-data=1332  
FromELF: creating hex file...
"Smart_Light_01\Smart_Light_01.axf" - 0 Error(s), 0 Warning(s).

<h2>Software Packages used:</h2>

Package Vendor: ARM
                http://www.keil.com/pack/ARM.CMSIS.5.0.1.pack
                ARM.CMSIS.5.0.1
                CMSIS (Cortex Microcontroller Software Interface Standard)
   * Component: CORE Version: 5.0.1

Package Vendor: Keil
                http://www.keil.com/pack/Keil.STM32F1xx_DFP.2.2.0.pack
                Keil.STM32F1xx_DFP.2.2.0
                STMicroelectronics STM32F1 Series Device Support, Drivers and Examples

<h2>Collection of Component include folders:</h2>
  .\RTE\_Smart_Light_01
  D:\51keil\ARM\PACK\ARM\CMSIS\5.0.1\CMSIS\Include
  D:\51keil\ARM\PACK\Keil\STM32F1xx_DFP\2.2.0\Device\Include

<h2>Collection of Component Files used:</h2>

   * Component: ARM::CMSIS:CORE:5.0.1
Build Time Elapsed:  00:00:48
</pre>
</body>
</html>
